[sohamderoy.github.io/index.html]
[backblue.gif]
[fade.gif]
[index.html]
[sohamderoy.github.io/css/main.css]
[kit.fontawesome.com/a076d05399.js]
[sohamderoy.github.io/img/newlogo.svg]
[sohamderoy.github.io/docs/Resume.pdf]
[sohamderoy.github.io/img/tinypng/linkedin.png]
[sohamderoy.github.io/img/tinypng/github.png]
[sohamderoy.github.io/img/tinypng/facebook.png]
[sohamderoy.github.io/img/tinypng/quora.png]
[sohamderoy.github.io/img/tinypng/email.png]
[sohamderoy.github.io/img/tinypng/skype.png]
[sohamderoy.github.io/img/pic1.svg]
[sohamderoy.github.io/img/pic2.svg]
[sohamderoy.github.io/img/project.svg]
[sohamderoy.github.io/img/certificates.svg]
[sohamderoy.github.io/img/tinypng/python-2.png]
[sohamderoy.github.io/img/tinypng/html-1.png]
[sohamderoy.github.io/img/tinypng/python-1.png]
[sohamderoy.github.io/img/tinypng/css-1.png]
[sohamderoy.github.io/img/tinypng/python-3.png]
[sohamderoy.github.io/img/tinypng/problem-solving-1.png]
[sohamderoy.github.io/certifications.html]
[sohamderoy.github.io/img/blog.svg]
[sohamderoy.github.io/blog.html]
[sohamderoy.github.io/img/tinypng/sdr.jpg]
[sohamderoy.github.io/LICENSE.txt]
[sohamderoy.github.io/img/tinypng/codesymbol.png]
[sohamderoy.github.io/img/tinypng/heart.png]
[sohamderoy.github.io/index.html]
[sohamderoy.github.io/css/main.css]
[sohamderoy.github.io/img/newlogo.svg]
[sohamderoy.github.io/img/pic1.svg]
[sohamderoy.github.io/img/pic2.svg]
[sohamderoy.github.io/img/project.svg]
[sohamderoy.github.io/img/certificates.svg]
[sohamderoy.github.io/certifications.html]
[sohamderoy.github.io/img/blog.svg]
[sohamderoy.github.io/blog.html]
